 | google | https://www.google.com/search?q=
 | EndeavourOS Forum | https://forum.endeavouros.com/search?expanded=true&q=
󰇥 | duckduckgo | https://duckduckgo.com/?q=
 | amazon | https://www.amazon.com/s?k=
 | wikipedia | https://en.wikipedia.org/w/index.php?search=
 | superuser | https://superuser.com/search?q=
 | softwareengineering | https://softwareengineering.stackexchange.com/search?q=
 | github | https://www.github.com/search?q=
 | youtube | https://www.youtube.com/results?search_query=
 | archlinux | https://archlinux.org/packages/?sort=&q=
 | AUR | https://aur.archlinux.org/packages?O=0&K=
 | dictionary | https://www.dictionary.com/browse/
 | thesaurus | https://www.thesaurus.com/browse/
 | stackoverflow | https://www.stackoverflow.com/search?q=
 | stackexchange | https://stackexchange.com/search?q=
 | OpenStreetMap | https://www.openstreetmap.org/search?query=
 | archwiki | https://wiki.archlinux.org/index.php?search=
 | quickRef | https://quickref.me/
 | chatGPT | https://chat.openai.com/?q=
 | perplexity | https://www.perplexity.ai/search?q=
